[INFO] Scanning for projects...
[INFO] 
[INFO] ------------------------< com.examly:springapp >------------------------
[INFO] Building Complaint Management System 0.0.1-SNAPSHOT
[INFO]   from pom.xml
[INFO] --------------------------------[ jar ]---------------------------------
[INFO] 
[INFO] >>> spring-boot:3.4.0:run (default-cli) > test-compile @ springapp >>>
[INFO] 
[INFO] --- resources:3.3.1:resources (default-resources) @ springapp ---
[INFO] Copying 2 resources from src\main\resources to target\classes
[INFO] Copying 0 resource from src\main\resources to target\classes
[INFO] 
[INFO] --- compiler:3.13.0:compile (default-compile) @ springapp ---
[INFO] Recompiling the module because of added or removed source files.
[INFO] Compiling 54 source files with javac [debug parameters release 17] to target\classes
[INFO] /c:/dev/complaint-management/springapp/src/main/java/com/examly/springapp/security/JwtUtil.java: c:\dev\complaint-management\springapp\src\main\java\com\examly\springapp\security\JwtUtil.java uses or overrides a deprecated API.
[INFO] /c:/dev/complaint-management/springapp/src/main/java/com/examly/springapp/security/JwtUtil.java: Recompile with -Xlint:deprecation for details.
[INFO] 
[INFO] --- resources:3.3.1:testResources (default-testResources) @ springapp ---
[INFO] skip non existing resourceDirectory c:\dev\complaint-management\springapp\src\test\resources
[INFO] 
[INFO] --- compiler:3.13.0:testCompile (default-testCompile) @ springapp ---
[INFO] Recompiling the module because of changed dependency.
[INFO] Compiling 2 source files with javac [debug parameters release 17] to target\test-classes
[INFO] 
[INFO] <<< spring-boot:3.4.0:run (default-cli) < test-compile @ springapp <<<
[INFO] 
[INFO] 
[INFO] --- spring-boot:3.4.0:run (default-cli) @ springapp ---
[INFO] Attaching agents: []

  .   ____          _            __ _ _
 /\\ / ___'_ __ _ _(_)_ __  __ _ \ \ \ \
( ( )\___ | '_ | '_| | '_ \/ _` | \ \ \ \
 \\/  ___)| |_)| | | | | || (_| |  ) ) ) )
  '  |____| .__|_| |_|_| |_\__, | / / / /
 =========|_|==============|___/=/_/_/_/

 :: Spring Boot ::                (v3.4.0)

2026-07-15T10:39:20.533+05:30  INFO 4196 --- [           main] e.s.ComplaintManagementSystemApplication : Starting ComplaintManagementSystemApplication using Java 17.0.19 with PID 4196 (C:\dev\complaint-management\springapp\target\classes started by Murali in c:\dev\complaint-management\springapp)
2026-07-15T10:39:20.535+05:30  INFO 4196 --- [           main] e.s.ComplaintManagementSystemApplication : No active profile set, falling back to 1 default profile: "default"
2026-07-15T10:39:21.442+05:30  INFO 4196 --- [           main] .s.d.r.c.RepositoryConfigurationDelegate : Bootstrapping Spring Data JPA repositories in DEFAULT mode.
2026-07-15T10:39:21.518+05:30  INFO 4196 --- [           main] .s.d.r.c.RepositoryConfigurationDelegate : Finished Spring Data repository scanning in 67 ms. Found 5 JPA repository interfaces.
2026-07-15T10:39:22.155+05:30  INFO 4196 --- [           main] o.s.b.w.embedded.tomcat.TomcatWebServer  : Tomcat initialized with port 8080 (http)
2026-07-15T10:39:22.167+05:30  INFO 4196 --- [           main] o.apache.catalina.core.StandardService   : Starting service [Tomcat]
2026-07-15T10:39:22.168+05:30  INFO 4196 --- [           main] o.apache.catalina.core.StandardEngine    : Starting Servlet engine: [Apache Tomcat/10.1.33]
2026-07-15T10:39:22.242+05:30  INFO 4196 --- [           main] o.a.c.c.C.[Tomcat].[localhost].[/]       : Initializing Spring embedded WebApplicationContext
2026-07-15T10:39:22.243+05:30  INFO 4196 --- [           main] w.s.c.ServletWebServerApplicationContext : Root WebApplicationContext: initialization completed in 1666 ms
2026-07-15T10:39:22.721+05:30  INFO 4196 --- [           main] o.s.o.j.p.SpringPersistenceUnitInfo      : No LoadTimeWeaver setup: ignoring JPA class transformer
2026-07-15T10:39:22.747+05:30  INFO 4196 --- [           main] com.zaxxer.hikari.HikariDataSource       : HikariPool-1 - Starting...
2026-07-15T10:39:23.027+05:30  INFO 4196 --- [           main] com.zaxxer.hikari.pool.HikariPool        : HikariPool-1 - Added connection com.mysql.cj.jdbc.ConnectionImpl@54941dfd
2026-07-15T10:39:23.028+05:30  INFO 4196 --- [           main] com.zaxxer.hikari.HikariDataSource       : HikariPool-1 - Start completed.
Hibernate: 
    create table notifications (
        id bigint not null auto_increment,
        created_at datetime(6),
        message varchar(255) not null,
        read bit not null,
        user_id bigint not null,
        primary key (id)
    ) engine=InnoDB
Hibernate: 
    alter table notifications 
       add constraint FK9y21adhxn0ayjhfocscqox7bh 
       foreign key (user_id) 
       references users (id)
2026-07-15T10:39:24.137+05:30  INFO 4196 --- [           main] j.LocalContainerEntityManagerFactoryBean : Initialized JPA EntityManagerFactory for persistence unit 'default'
2026-07-15T10:39:24.486+05:30  INFO 4196 --- [           main] eAuthenticationProviderManagerConfigurer : Global AuthenticationManager configured with AuthenticationProvider bean with name authenticationProvider
2026-07-15T10:39:24.487+05:30  WARN 4196 --- [           main] r$InitializeUserDetailsManagerConfigurer : Global AuthenticationManager configured with an AuthenticationProvider bean. UserDetailsService beans will not be used by Spring Security for automatically configuring username/password login. Consider removing the AuthenticationProvider bean. Alternatively, consider using the UserDetailsService in a manually instantiated DaoAuthenticationProvider. If the current configuration is intentional, to turn off this warning, increase the logging level of 'org.springframework.security.config.annotation.authentication.configuration.InitializeUserDetailsBeanManagerConfigurer' to ERROR
2026-07-15T10:39:24.554+05:30  INFO 4196 --- [           main] o.s.d.j.r.query.QueryEnhancerFactory     : Hibernate is in classpath; If applicable, HQL parser will be used.
2026-07-15T10:39:25.730+05:30  WARN 4196 --- [           main] JpaBaseConfiguration$JpaWebConfiguration : spring.jpa.open-in-view is enabled by default. Therefore, database queries may be performed during view rendering. Explicitly configure spring.jpa.open-in-view to disable this warning
2026-07-15T10:39:26.773+05:30  INFO 4196 --- [           main] o.s.b.w.embedded.tomcat.TomcatWebServer  : Tomcat started on port 8080 (http) with context path '/'
2026-07-15T10:39:26.790+05:30  INFO 4196 --- [           main] e.s.ComplaintManagementSystemApplication : Started ComplaintManagementSystemApplication in 6.632 seconds (process running for 6.984)
^C